// Jest Snapshot v1, https://goo.gl/fbAQLP

exports[`Button renders Button unchanged 1`] = `
<div>
  <a
    class="btn login"
    href="#"
  >
    <h4 />
  </a>
</div>
`;
